MENU PRINCIPAL
1 - Abrir
2 - Guardar
3 - Gestão de clientes
4 - Gestão de terminais
5 - Menu de consultas
6 - Ver saldo global
0 - Sair
Escolha uma opção: GESTÃO DE TERMINAIS
1 - Mostrar todos os terminais
2 - Registar terminal
3 - Operações de terminal
0 - Sair
Escolha uma opção: Número do terminal: OPERAÇÕES DO TERMINAL
1 - Ligar
2 - Colocar no silêncio
3 - Desligar
4 - Adicionar amigo
5 - Retirar amigo
6 - Pagamento
7 - Consultar saldo
8 - Enviar comunicação de texto
9 - Iniciar comunicação
11 - Mostrar comunicação em curso
0 - Sair
Escolha uma opção: Número do terminal: Mensagem de texto a enviar: OPERAÇÕES DO TERMINAL
1 - Ligar
2 - Colocar no silêncio
3 - Desligar
4 - Adicionar amigo
5 - Retirar amigo
6 - Pagamento
7 - Consultar saldo
8 - Enviar comunicação de texto
9 - Iniciar comunicação
11 - Mostrar comunicação em curso
0 - Sair
Escolha uma opção: Valores para o terminal '969011':0 (pagamentos),  660 (dívidas).
OPERAÇÕES DO TERMINAL
1 - Ligar
2 - Colocar no silêncio
3 - Desligar
4 - Adicionar amigo
5 - Retirar amigo
6 - Pagamento
7 - Consultar saldo
8 - Enviar comunicação de texto
9 - Iniciar comunicação
11 - Mostrar comunicação em curso
0 - Sair
Escolha uma opção: Número da comunicação: OPERAÇÕES DO TERMINAL
1 - Ligar
2 - Colocar no silêncio
3 - Desligar
4 - Adicionar amigo
5 - Retirar amigo
6 - Pagamento
7 - Consultar saldo
8 - Enviar comunicação de texto
9 - Iniciar comunicação
11 - Mostrar comunicação em curso
0 - Sair
Escolha uma opção: Número do terminal: Mensagem de texto a enviar: OPERAÇÕES DO TERMINAL
1 - Ligar
2 - Colocar no silêncio
3 - Desligar
4 - Adicionar amigo
5 - Retirar amigo
6 - Pagamento
7 - Consultar saldo
8 - Enviar comunicação de texto
9 - Iniciar comunicação
11 - Mostrar comunicação em curso
0 - Sair
Escolha uma opção: Valores para o terminal '969011':660 (pagamentos),  10 (dívidas).
OPERAÇÕES DO TERMINAL
1 - Ligar
2 - Colocar no silêncio
3 - Desligar
4 - Adicionar amigo
5 - Retirar amigo
6 - Pagamento
7 - Consultar saldo
8 - Enviar comunicação de texto
9 - Iniciar comunicação
11 - Mostrar comunicação em curso
0 - Sair
Escolha uma opção: Número da comunicação: OPERAÇÕES DO TERMINAL
1 - Ligar
2 - Colocar no silêncio
3 - Desligar
4 - Adicionar amigo
5 - Retirar amigo
6 - Pagamento
7 - Consultar saldo
8 - Enviar comunicação de texto
9 - Iniciar comunicação
11 - Mostrar comunicação em curso
0 - Sair
Escolha uma opção: Número do terminal: Mensagem de texto a enviar: OPERAÇÕES DO TERMINAL
1 - Ligar
2 - Colocar no silêncio
3 - Desligar
4 - Adicionar amigo
5 - Retirar amigo
6 - Pagamento
7 - Consultar saldo
8 - Enviar comunicação de texto
9 - Iniciar comunicação
11 - Mostrar comunicação em curso
0 - Sair
Escolha uma opção: Valores para o terminal '969011':670 (pagamentos),  10 (dívidas).
OPERAÇÕES DO TERMINAL
1 - Ligar
2 - Colocar no silêncio
3 - Desligar
4 - Adicionar amigo
5 - Retirar amigo
6 - Pagamento
7 - Consultar saldo
8 - Enviar comunicação de texto
9 - Iniciar comunicação
11 - Mostrar comunicação em curso
0 - Sair
Escolha uma opção: Número da comunicação: OPERAÇÕES DO TERMINAL
1 - Ligar
2 - Colocar no silêncio
3 - Desligar
4 - Adicionar amigo
5 - Retirar amigo
6 - Pagamento
7 - Consultar saldo
8 - Enviar comunicação de texto
9 - Iniciar comunicação
11 - Mostrar comunicação em curso
0 - Sair
Escolha uma opção: Número do terminal: Mensagem de texto a enviar: OPERAÇÕES DO TERMINAL
1 - Ligar
2 - Colocar no silêncio
3 - Desligar
4 - Adicionar amigo
5 - Retirar amigo
6 - Pagamento
7 - Consultar saldo
8 - Enviar comunicação de texto
9 - Iniciar comunicação
11 - Mostrar comunicação em curso
0 - Sair
Escolha uma opção: Valores para o terminal '969011':680 (pagamentos),  10 (dívidas).
OPERAÇÕES DO TERMINAL
1 - Ligar
2 - Colocar no silêncio
3 - Desligar
4 - Adicionar amigo
5 - Retirar amigo
6 - Pagamento
7 - Consultar saldo
8 - Enviar comunicação de texto
9 - Iniciar comunicação
11 - Mostrar comunicação em curso
0 - Sair
Escolha uma opção: Número da comunicação: OPERAÇÕES DO TERMINAL
1 - Ligar
2 - Colocar no silêncio
3 - Desligar
4 - Adicionar amigo
5 - Retirar amigo
6 - Pagamento
7 - Consultar saldo
8 - Enviar comunicação de texto
9 - Iniciar comunicação
11 - Mostrar comunicação em curso
0 - Sair
Escolha uma opção: Número do terminal: Mensagem de texto a enviar: OPERAÇÕES DO TERMINAL
1 - Ligar
2 - Colocar no silêncio
3 - Desligar
4 - Adicionar amigo
5 - Retirar amigo
6 - Pagamento
7 - Consultar saldo
8 - Enviar comunicação de texto
9 - Iniciar comunicação
11 - Mostrar comunicação em curso
0 - Sair
Escolha uma opção: Valores para o terminal '969011':690 (pagamentos),  10 (dívidas).
OPERAÇÕES DO TERMINAL
1 - Ligar
2 - Colocar no silêncio
3 - Desligar
4 - Adicionar amigo
5 - Retirar amigo
6 - Pagamento
7 - Consultar saldo
8 - Enviar comunicação de texto
9 - Iniciar comunicação
11 - Mostrar comunicação em curso
0 - Sair
Escolha uma opção: Número da comunicação: OPERAÇÕES DO TERMINAL
1 - Ligar
2 - Colocar no silêncio
3 - Desligar
4 - Adicionar amigo
5 - Retirar amigo
6 - Pagamento
7 - Consultar saldo
8 - Enviar comunicação de texto
9 - Iniciar comunicação
11 - Mostrar comunicação em curso
0 - Sair
Escolha uma opção: Número do terminal: Mensagem de texto a enviar: OPERAÇÕES DO TERMINAL
1 - Ligar
2 - Colocar no silêncio
3 - Desligar
4 - Adicionar amigo
5 - Retirar amigo
6 - Pagamento
7 - Consultar saldo
8 - Enviar comunicação de texto
9 - Iniciar comunicação
11 - Mostrar comunicação em curso
0 - Sair
Escolha uma opção: Valores para o terminal '969011':700 (pagamentos),  206 (dívidas).
OPERAÇÕES DO TERMINAL
1 - Ligar
2 - Colocar no silêncio
3 - Desligar
4 - Adicionar amigo
5 - Retirar amigo
6 - Pagamento
7 - Consultar saldo
8 - Enviar comunicação de texto
9 - Iniciar comunicação
11 - Mostrar comunicação em curso
0 - Sair
Escolha uma opção: Número da comunicação: OPERAÇÕES DO TERMINAL
1 - Ligar
2 - Colocar no silêncio
3 - Desligar
4 - Adicionar amigo
5 - Retirar amigo
6 - Pagamento
7 - Consultar saldo
8 - Enviar comunicação de texto
9 - Iniciar comunicação
11 - Mostrar comunicação em curso
0 - Sair
Escolha uma opção: Número do terminal: Mensagem de texto a enviar: OPERAÇÕES DO TERMINAL
1 - Ligar
2 - Colocar no silêncio
3 - Desligar
4 - Adicionar amigo
5 - Retirar amigo
6 - Pagamento
7 - Consultar saldo
8 - Enviar comunicação de texto
9 - Iniciar comunicação
11 - Mostrar comunicação em curso
0 - Sair
Escolha uma opção: Valores para o terminal '969011':906 (pagamentos),  206 (dívidas).
OPERAÇÕES DO TERMINAL
1 - Ligar
2 - Colocar no silêncio
3 - Desligar
4 - Adicionar amigo
5 - Retirar amigo
6 - Pagamento
7 - Consultar saldo
8 - Enviar comunicação de texto
9 - Iniciar comunicação
11 - Mostrar comunicação em curso
0 - Sair
Escolha uma opção: GESTÃO DE TERMINAIS
1 - Mostrar todos os terminais
2 - Registar terminal
3 - Operações de terminal
0 - Sair
Escolha uma opção: MENU PRINCIPAL
1 - Abrir
2 - Guardar
3 - Gestão de clientes
4 - Gestão de terminais
5 - Menu de consultas
6 - Ver saldo global
0 - Sair
Escolha uma opção: 